// Jest Snapshot v1, https://goo.gl/fbAQLP

exports[`hashStr should match the hash from the argument string 1`] = `"xxhjw"`;

exports[`hashStr should match the hash from the argument string 2`] = `"xxhjbzppoallaomelb"`;

exports[`hashStr should match the hash from the argument string 3`] = `"xxhjbzppiqfhtje"`;

exports[`hashStr should match the hash from the argument string 4`] = `""`;

exports[`hashStr should match the hash from the argument string 5`] = `"iiuovjsqddgseaaouopvvtcqciewjblfycugmepzoirvygvhquvfthtdttqasyqcdzbzaepjvxhbwsrjhhcurjzroipxqyishjiubldxsiumrlgiscmehhggkwzxusrrdpdxisuuektdeudjrtosskdpcksyhttbqsqsvdsoaugkffisgkusjvhthnqmlzgqccmutvqaztoqu"`;
