// Jest Snapshot v1, https://goo.gl/fbAQLP

exports[`hashStr should match the hash from the argument string 1`] = `168750823086891`;

exports[`hashStr should match the hash from the argument string 2`] = `3220944844160148000`;

exports[`hashStr should match the hash from the argument string 3`] = `1967181011973832700`;

exports[`hashStr should match the hash from the argument string 4`] = `0`;

exports[`hashStr should match the hash from the argument string 5`] = `2.0270537086223274e+24`;